// Jest Snapshot v1, https://goo.gl/fbAQLP

exports[`Counter Component should match with the snapshot 1`] = `[Function]`;
