// Jest Snapshot v1, https://goo.gl/fbAQLP

exports[`Test of Indecision Component should match with snapshot 1`] = `[Function]`;
